// Vitest Snapshot v1, https://vitest.dev/guide/snapshot.html

exports[`valid-plan snapshots > bars compile stays stable 1`] = `
{
  "body": {
    "items": [
      {
        "label": "Sense",
        "value": 35,
      },
      {
        "label": "Act",
        "value": 40,
      },
      {
        "label": "Observe",
        "value": 25,
      },
    ],
    "type": "bars",
    "unit": "share of loop time",
  },
  "frame": "landscape",
  "id": "loop-share",
  "title": "Most of an agent loop is sensing and acting, not polishing text.",
}
`;

exports[`valid-plan snapshots > code compile stays stable 1`] = `
{
  "body": {
    "accentLines": [
      3,
    ],
    "code": "{
  "name": "reportTimezone",
  "value": "Europe/Warsaw",
  "scope": "user"
}",
    "label": "value_set",
    "type": "code",
  },
  "frame": "landscape",
  "id": "value-set-payload",
  "title": "The whole configuration is four readable fields.",
}
`;

exports[`valid-plan snapshots > derivation compile stays stable 1`] = `
{
  "body": {
    "steps": [
      {
        "expr": "value_set({ name: 'reportTimezone', value: 'Europe/Warsaw' })",
      },
      {
        "expr": "stored = value_get({ name: 'reportTimezone' })",
        "note": "The package reads the same name at runtime instead of asking again.",
      },
      {
        "accent": true,
        "expr": "timezone = stored?.value ?? 'UTC'",
        "note": "A fallback keeps the report running before the value exists.",
      },
    ],
    "type": "derivation",
  },
  "frame": "landscape",
  "id": "value-roundtrip",
  "title": "A value stored once is read by name forever.",
}
`;

exports[`valid-plan snapshots > graph compile stays stable 1`] = `
{
  "body": {
    "edges": [
      {
        "from": "agent",
        "to": "mcp",
      },
      {
        "from": "mcp",
        "to": "memory",
      },
      {
        "from": "mcp",
        "to": "storage",
      },
    ],
    "nodes": [
      {
        "column": 0,
        "key": "agent",
        "row": 1,
        "title": "Agent",
      },
      {
        "accent": true,
        "column": 1,
        "detail": "capability layer",
        "key": "mcp",
        "row": 1,
        "title": "MCP",
      },
      {
        "column": 2,
        "key": "memory",
        "row": 0,
        "title": "Memory",
      },
      {
        "column": 2,
        "key": "storage",
        "row": 1,
        "title": "Storage",
      },
    ],
    "type": "graph",
  },
  "frame": "landscape",
  "id": "mcp-capability-layer",
  "title": "MCP is a capability layer, not a connector.",
}
`;

exports[`valid-plan snapshots > railSteps compile stays stable 1`] = `
{
  "body": {
    "items": [
      {
        "detail": "Read the world state that decides the next move.",
        "name": "Sense",
      },
      {
        "detail": "Pick one bounded action that advances the goal.",
        "name": "Think",
      },
      {
        "detail": "Call exactly one allowed tool with checked inputs.",
        "name": "Act",
      },
      {
        "detail": "Compare the tool result against the stop condition.",
        "name": "Observe",
      },
    ],
    "type": "railSteps",
  },
  "frame": "landscape",
  "id": "loop",
  "title": "The loop is sense, act, observe, stop.",
}
`;

exports[`valid-plan snapshots > table compile stays stable 1`] = `
{
  "body": {
    "columns": [
      {
        "grow": true,
        "key": "c0",
        "label": "TRIGGER",
        "type": "text",
      },
      {
        "grow": false,
        "key": "c1",
        "label": "RULE",
        "type": "text",
      },
      {
        "grow": false,
        "key": "c2",
        "label": "NEXT",
        "type": "text",
      },
    ],
    "rows": [
      {
        "c0": "Acceptance evidence",
        "c1": "End after checks pass",
        "c2": "Return result",
      },
      {
        "c0": "Budget exhausted",
        "c1": "End when any budget hits zero",
        "c2": "Report partial state",
      },
      {
        "c0": "Same failure twice",
        "c1": "End the retry loop",
        "c2": "Ask for missing input",
      },
    ],
    "type": "table",
  },
  "frame": "landscape",
  "id": "stops",
  "title": "Every stop has a trigger and a next action.",
}
`;

exports[`valid-plan snapshots > timelineVertical compile stays stable 1`] = `
{
  "body": {
    "items": [
      {
        "date": "USER",
        "detail": "How did last week's campaign perform?",
        "title": "Asks in plain language",
      },
      {
        "date": "AGENT",
        "detail": "get_campaign_stats with range last_week.",
        "title": "Picks a tool from the shared schema",
      },
      {
        "date": "TOOL",
        "detail": "128,400 impressions, 3,210 clicks, 142 conversions.",
        "title": "Returns the numbers",
      },
    ],
    "type": "timelineVertical",
  },
  "frame": "landscape",
  "id": "mcp-transcript",
  "title": "One schema turns a question into checked numbers.",
}
`;

exports[`valid-plan snapshots > timelineVertical with chips compile stays stable 1`] = `
{
  "body": {
    "items": [
      {
        "chips": [
          {
            "text": "~15% error chance",
          },
        ],
        "date": "STEP 1",
        "detail": "No schema to check the guess against.",
        "title": "Guesses the endpoint from prose",
      },
      {
        "chips": [
          {
            "accent": true,
            "text": "email_message_search",
          },
          {
            "text": "integrations",
          },
          {
            "text": "jobs",
          },
          {
            "text": "values",
          },
        ],
        "date": "STEP 2",
        "title": "Reads the published shortlist",
      },
      {
        "date": "STEP 3",
        "detail": "Arguments validated against the schema before the call leaves.",
        "title": "Calls the chosen capability",
      },
    ],
    "type": "timelineVertical",
  },
  "frame": "landscape",
  "id": "capability-pick",
  "title": "The agent picks one capability and the pick is inspectable.",
}
`;
